Archive member included because of file (symbol)

c:/winavr-20100110/bin/../lib/gcc/avr/4.3.3/avr5\libgcc.a(_mulsi3.o)
                              timer.o (__mulsi3)
c:/winavr-20100110/bin/../lib/gcc/avr/4.3.3/avr5\libgcc.a(_udivmodhi4.o)
                              rprintf.o (__udivmodhi4)
c:/winavr-20100110/bin/../lib/gcc/avr/4.3.3/avr5\libgcc.a(_udivmodsi4.o)
                              rprintf.o (__udivmodsi4)
c:/winavr-20100110/bin/../lib/gcc/avr/4.3.3/avr5\libgcc.a(_divmodsi4.o)
                              timer.o (__divmodsi4)
c:/winavr-20100110/bin/../lib/gcc/avr/4.3.3/avr5\libgcc.a(_exit.o)
                              c:/winavr-20100110/bin/../lib/gcc/avr/4.3.3/../../../../avr/lib/avr5/crtm32.o (exit)
c:/winavr-20100110/bin/../lib/gcc/avr/4.3.3/avr5\libgcc.a(_clear_bss.o)
                              rprintf.o (__do_clear_bss)

Allocating common symbols
Common symbol       size              file

uartReadyTx         0x1               uart.o
Timer0Reg0          0x4               timer.o
uartRxBuffer        0x8               uart.o
TimerPauseReg       0x4               timer.o
Timer2Reg0          0x4               timer.o
uartBufferedTx      0x1               uart.o
a2dCompleteFlag     0x1               a2d.o
uartTxBuffer        0x8               uart.o
uartRxOverflow      0x2               uart.o

Memory Configuration

Name             Origin             Length             Attributes
text             0x00000000         0x00020000         xr
data             0x00800060         0x0000ffa0         rw !x
eeprom           0x00810000         0x00010000         rw !x
fuse             0x00820000         0x00000400         rw !x
lock             0x00830000         0x00000400         rw !x
signature        0x00840000         0x00000400         rw !x
*default*        0x00000000         0xffffffff

Linker script and memory map

LOAD c:/winavr-20100110/bin/../lib/gcc/avr/4.3.3/../../../../avr/lib/avr5/crtm32.o
LOAD main.o
LOAD rprintf.o
LOAD uart.o
LOAD buffer.o
LOAD a2d.o
LOAD timer.o
LOAD c:/winavr-20100110/bin/../lib/gcc/avr/4.3.3/../../../../avr/lib/avr5\libm.a
LOAD c:/winavr-20100110/bin/../lib/gcc/avr/4.3.3/avr5\libgcc.a
LOAD c:/winavr-20100110/bin/../lib/gcc/avr/4.3.3/../../../../avr/lib/avr5\libc.a
LOAD c:/winavr-20100110/bin/../lib/gcc/avr/4.3.3/avr5\libgcc.a

.hash
 *(.hash)

.dynsym
 *(.dynsym)

.dynstr
 *(.dynstr)

.gnu.version
 *(.gnu.version)

.gnu.version_d
 *(.gnu.version_d)

.gnu.version_r
 *(.gnu.version_r)

.rel.init
 *(.rel.init)

.rela.init
 *(.rela.init)

.rel.text
 *(.rel.text)
 *(.rel.text.*)
 *(.rel.gnu.linkonce.t*)

.rela.text
 *(.rela.text)
 *(.rela.text.*)
 *(.rela.gnu.linkonce.t*)

.rel.fini
 *(.rel.fini)

.rela.fini
 *(.rela.fini)

.rel.rodata
 *(.rel.rodata)
 *(.rel.rodata.*)
 *(.rel.gnu.linkonce.r*)

.rela.rodata
 *(.rela.rodata)
 *(.rela.rodata.*)
 *(.rela.gnu.linkonce.r*)

.rel.data
 *(.rel.data)
 *(.rel.data.*)
 *(.rel.gnu.linkonce.d*)

.rela.data
 *(.rela.data)
 *(.rela.data.*)
 *(.rela.gnu.linkonce.d*)

.rel.ctors
 *(.rel.ctors)

.rela.ctors
 *(.rela.ctors)

.rel.dtors
 *(.rel.dtors)

.rela.dtors
 *(.rela.dtors)

.rel.got
 *(.rel.got)

.rela.got
 *(.rela.got)

.rel.bss
 *(.rel.bss)

.rela.bss
 *(.rela.bss)

.rel.plt
 *(.rel.plt)

.rela.plt
 *(.rela.plt)

.text           0x00000000     0x1338
 *(.vectors)
 .vectors       0x00000000       0x54 c:/winavr-20100110/bin/../lib/gcc/avr/4.3.3/../../../../avr/lib/avr5/crtm32.o
                0x00000000                __vectors
                0x00000000                __vector_default
 *(.vectors)
 *(.progmem.gcc*)
 *(.progmem*)
 .progmem.data  0x00000054       0x49 main.o
 .progmem.data  0x0000009d       0x11 rprintf.o
 .progmem.data  0x000000ae       0x1c timer.o
                0x000000ba                TimerRTCPrescaleFactor
                0x000000ae                TimerPrescaleFactor
                0x000000ca                . = ALIGN (0x2)
                0x000000ca                __trampolines_start = .
 *(.trampolines)
 .trampolines   0x000000ca        0x0 linker stubs
 *(.trampolines*)
                0x000000ca                __trampolines_end = .
 *(.jumptables)
 *(.jumptables*)
 *(.lowtext)
 *(.lowtext*)
                0x000000ca                __ctors_start = .
 *(.ctors)
                0x000000ca                __ctors_end = .
                0x000000ca                __dtors_start = .
 *(.dtors)
                0x000000ca                __dtors_end = .
 SORT(*)(.ctors)
 SORT(*)(.dtors)
 *(.init0)
 .init0         0x000000ca        0x0 c:/winavr-20100110/bin/../lib/gcc/avr/4.3.3/../../../../avr/lib/avr5/crtm32.o
                0x000000ca                __init
 *(.init0)
 *(.init1)
 *(.init1)
 *(.init2)
 .init2         0x000000ca        0xc c:/winavr-20100110/bin/../lib/gcc/avr/4.3.3/../../../../avr/lib/avr5/crtm32.o
 *(.init2)
 *(.init3)
 *(.init3)
 *(.init4)
 .init4         0x000000d6       0x10 c:/winavr-20100110/bin/../lib/gcc/avr/4.3.3/avr5\libgcc.a(_clear_bss.o)
                0x000000d6                __do_clear_bss
 *(.init4)
 *(.init5)
 *(.init5)
 *(.init6)
 *(.init6)
 *(.init7)
 *(.init7)
 *(.init8)
 *(.init8)
 *(.init9)
 .init9         0x000000e6        0x8 c:/winavr-20100110/bin/../lib/gcc/avr/4.3.3/../../../../avr/lib/avr5/crtm32.o
 *(.init9)
 *(.text)
 .text          0x000000ee        0x4 c:/winavr-20100110/bin/../lib/gcc/avr/4.3.3/../../../../avr/lib/avr5/crtm32.o
                0x000000ee                __vector_1
                0x000000ee                __vector_12
                0x000000ee                __bad_interrupt
                0x000000ee                __vector_17
                0x000000ee                __vector_2
                0x000000ee                __vector_15
                0x000000ee                __vector_10
                0x000000ee                __vector_16
                0x000000ee                __vector_18
                0x000000ee                __vector_20
 .text          0x000000f2      0x2ac main.o
                0x00000116                pwminit
                0x00000100                delay_cycles
                0x00000136                setpwmoutput
                0x00000102                LED_on
                0x0000010a                servo_left
                0x00000106                LED_off
                0x00000110                servo_right
                0x00000146                main
                0x000000f2                configure_ports
 .text          0x0000039e      0x3de rprintf.o
                0x00000654                rprintf1RamRom
                0x00000484                rprintfu08
                0x000004ae                rprintfu32
                0x000003cc                rprintfStr
                0x000003ea                rprintfStrLen
                0x00000446                rprintfProgStr
                0x0000049a                rprintfu16
                0x0000039e                rprintfInit
                0x000003a8                rprintfChar
                0x00000466                rprintfCRLF
                0x0000046e                rprintfu04
                0x000004d4                rprintfNum
 .text          0x0000077c      0x248 uart.o
                0x000008f0                uartSendTxBuffer
                0x000007c8                uartSendByte
                0x00000970                uartInitBuffers
                0x00000910                uartReceiveByte
                0x00000876                uartAddToTxBuffer
                0x000007f8                __vector_11
                0x0000077c                uartSetRxHandler
                0x00000882                __vector_13
                0x000007da                uartFlushReceiveBuffer
                0x00000992                uartInit
                0x000007e4                uartReceiveBufferIsEmpty
                0x00000786                uartSetBaudRate
                0x000007c2                uartGetTxBuffer
                0x00000944                uartGetByte
                0x000007bc                uartGetRxBuffer
 .text          0x000009c4      0x160 buffer.o
                0x00000afe                bufferIsNotFull
                0x000009de                bufferGetFromFront
                0x00000a88                bufferGetAtIndex
                0x00000a44                bufferDumpFromFront
                0x000009c4                bufferInit
                0x00000ab0                bufferAddToEnd
                0x00000b16                bufferFlush
 .text          0x00000b24       0xae a2d.o
                0x00000b78                a2dIsComplete
                0x00000ba6                a2dConvert8bit
                0x00000b44                a2dOff
                0x00000b4a                a2dSetPrescaler
                0x00000b7e                a2dConvert10bit
                0x00000b24                a2dInit
                0x00000b54                a2dSetReference
                0x00000bb4                __vector_14
                0x00000b66                a2dSetChannel
                0x00000b72                a2dStartConvert
 .text          0x00000bd2      0x682 timer.o
                0x00000e3c                timer2GetOverflowCount
                0x00000cd8                timerDetach
                0x00000c60                timer1SetPrescaler
                0x00000ef8                timer1PWMBOff
                0x00000ca8                timer2GetPrescaler
                0x000010ec                __vector_6
                0x00000bd4                timer0Init
                0x00000eea                timer1PWMAOff
                0x00000f0c                timer1PWMBSet
                0x000011fa                __vector_3
                0x00000e82                timer1PWMInitICR
                0x00001092                __vector_19
                0x00000c74                timer0GetPrescaler
                0x00001146                __vector_7
                0x00000e14                timer0GetOverflowCount
                0x000011a0                __vector_5
                0x00000c2c                timerInit
                0x00000c6a                timer2SetPrescaler
                0x00000ece                timer1PWMAOn
                0x00000c56                timer0SetPrescaler
                0x00000bd2                delay_us
                0x00001012                __vector_4
                0x00000e02                timer0ClearOverflowCount
                0x00000f12                __vector_9
                0x00000bf6                timer1Init
                0x00000e52                timer1PWMInit
                0x00000edc                timer1PWMBOn
                0x00000c0a                timer2Init
                0x00000fb8                __vector_8
                0x00000f06                timer1PWMASet
                0x00000cc2                timerAttach
                0x00000ea8                timer1PWMOff
                0x00000c8e                timer1GetPrescaler
                0x00000e2a                timer2ClearOverflowCount
                0x00000cee                timerPause
 .text          0x00001254        0x0 c:/winavr-20100110/bin/../lib/gcc/avr/4.3.3/avr5\libgcc.a(_mulsi3.o)
 .text          0x00001254        0x0 c:/winavr-20100110/bin/../lib/gcc/avr/4.3.3/avr5\libgcc.a(_udivmodhi4.o)
 .text          0x00001254        0x0 c:/winavr-20100110/bin/../lib/gcc/avr/4.3.3/avr5\libgcc.a(_udivmodsi4.o)
 .text          0x00001254        0x0 c:/winavr-20100110/bin/../lib/gcc/avr/4.3.3/avr5\libgcc.a(_divmodsi4.o)
 .text          0x00001254        0x0 c:/winavr-20100110/bin/../lib/gcc/avr/4.3.3/avr5\libgcc.a(_exit.o)
 .text          0x00001254        0x0 c:/winavr-20100110/bin/../lib/gcc/avr/4.3.3/avr5\libgcc.a(_clear_bss.o)
                0x00001254                . = ALIGN (0x2)
 *(.text.*)
 .text.libgcc   0x00001254       0x3e c:/winavr-20100110/bin/../lib/gcc/avr/4.3.3/avr5\libgcc.a(_mulsi3.o)
                0x00001254                __mulsi3
 .text.libgcc   0x00001292       0x28 c:/winavr-20100110/bin/../lib/gcc/avr/4.3.3/avr5\libgcc.a(_udivmodhi4.o)
                0x00001292                __udivmodhi4
 .text.libgcc   0x000012ba       0x44 c:/winavr-20100110/bin/../lib/gcc/avr/4.3.3/avr5\libgcc.a(_udivmodsi4.o)
                0x000012ba                __udivmodsi4
 .text.libgcc   0x000012fe       0x36 c:/winavr-20100110/bin/../lib/gcc/avr/4.3.3/avr5\libgcc.a(_divmodsi4.o)
                0x000012fe                __divmodsi4
 .text.libgcc   0x00001334        0x0 c:/winavr-20100110/bin/../lib/gcc/avr/4.3.3/avr5\libgcc.a(_exit.o)
 .text.libgcc   0x00001334        0x0 c:/winavr-20100110/bin/../lib/gcc/avr/4.3.3/avr5\libgcc.a(_clear_bss.o)
                0x00001334                . = ALIGN (0x2)
 *(.fini9)
 .fini9         0x00001334        0x0 c:/winavr-20100110/bin/../lib/gcc/avr/4.3.3/avr5\libgcc.a(_exit.o)
                0x00001334                exit
                0x00001334                _exit
 *(.fini9)
 *(.fini8)
 *(.fini8)
 *(.fini7)
 *(.fini7)
 *(.fini6)
 *(.fini6)
 *(.fini5)
 *(.fini5)
 *(.fini4)
 *(.fini4)
 *(.fini3)
 *(.fini3)
 *(.fini2)
 *(.fini2)
 *(.fini1)
 *(.fini1)
 *(.fini0)
 .fini0         0x00001334        0x4 c:/winavr-20100110/bin/../lib/gcc/avr/4.3.3/avr5\libgcc.a(_exit.o)
 *(.fini0)
                0x00001338                _etext = .

.data           0x00800060        0x0 load address 0x00001338
                0x00800060                PROVIDE (__data_start, .)
 *(.data)
 .data          0x00800060        0x0 c:/winavr-20100110/bin/../lib/gcc/avr/4.3.3/../../../../avr/lib/avr5/crtm32.o
 .data          0x00800060        0x0 main.o
 .data          0x00800060        0x0 rprintf.o
 .data          0x00800060        0x0 uart.o
 .data          0x00800060        0x0 buffer.o
 .data          0x00800060        0x0 a2d.o
 .data          0x00800060        0x0 timer.o
 .data          0x00800060        0x0 c:/winavr-20100110/bin/../lib/gcc/avr/4.3.3/avr5\libgcc.a(_mulsi3.o)
 .data          0x00800060        0x0 c:/winavr-20100110/bin/../lib/gcc/avr/4.3.3/avr5\libgcc.a(_udivmodhi4.o)
 .data          0x00800060        0x0 c:/winavr-20100110/bin/../lib/gcc/avr/4.3.3/avr5\libgcc.a(_udivmodsi4.o)
 .data          0x00800060        0x0 c:/winavr-20100110/bin/../lib/gcc/avr/4.3.3/avr5\libgcc.a(_divmodsi4.o)
 .data          0x00800060        0x0 c:/winavr-20100110/bin/../lib/gcc/avr/4.3.3/avr5\libgcc.a(_exit.o)
 .data          0x00800060        0x0 c:/winavr-20100110/bin/../lib/gcc/avr/4.3.3/avr5\libgcc.a(_clear_bss.o)
 *(.data*)
 *(.rodata)
 *(.rodata*)
 *(.gnu.linkonce.d*)
                0x00800060                . = ALIGN (0x2)
                0x00800060                _edata = .
                0x00800060                PROVIDE (__data_end, .)

.bss            0x00800060       0xb5
                0x00800060                PROVIDE (__bss_start, .)
 *(.bss)
 .bss           0x00800060        0x0 c:/winavr-20100110/bin/../lib/gcc/avr/4.3.3/../../../../avr/lib/avr5/crtm32.o
 .bss           0x00800060        0x0 main.o
 .bss           0x00800060        0x2 rprintf.o
 .bss           0x00800062       0x82 uart.o
 .bss           0x008000e4        0x0 buffer.o
 .bss           0x008000e4        0x0 a2d.o
 .bss           0x008000e4       0x10 timer.o
 .bss           0x008000f4        0x0 c:/winavr-20100110/bin/../lib/gcc/avr/4.3.3/avr5\libgcc.a(_mulsi3.o)
 .bss           0x008000f4        0x0 c:/winavr-20100110/bin/../lib/gcc/avr/4.3.3/avr5\libgcc.a(_udivmodhi4.o)
 .bss           0x008000f4        0x0 c:/winavr-20100110/bin/../lib/gcc/avr/4.3.3/avr5\libgcc.a(_udivmodsi4.o)
 .bss           0x008000f4        0x0 c:/winavr-20100110/bin/../lib/gcc/avr/4.3.3/avr5\libgcc.a(_divmodsi4.o)
 .bss           0x008000f4        0x0 c:/winavr-20100110/bin/../lib/gcc/avr/4.3.3/avr5\libgcc.a(_exit.o)
 .bss           0x008000f4        0x0 c:/winavr-20100110/bin/../lib/gcc/avr/4.3.3/avr5\libgcc.a(_clear_bss.o)
 *(.bss*)
 *(COMMON)
 COMMON         0x008000f4       0x14 uart.o
                0x008000f4                uartReadyTx
                0x008000f5                uartRxBuffer
                0x008000fd                uartBufferedTx
                0x008000fe                uartTxBuffer
                0x00800106                uartRxOverflow
 COMMON         0x00800108        0x1 a2d.o
                0x00800108                a2dCompleteFlag
 COMMON         0x00800109        0xc timer.o
                0x00800109                Timer0Reg0
                0x0080010d                TimerPauseReg
                0x00800111                Timer2Reg0
                0x00800115                PROVIDE (__bss_end, .)
                0x00001338                __data_load_start = LOADADDR (.data)
                0x00001338                __data_load_end = (__data_load_start + SIZEOF (.data))

.noinit         0x00800115        0x0
                0x00800115                PROVIDE (__noinit_start, .)
 *(.noinit*)
                0x00800115                PROVIDE (__noinit_end, .)
                0x00800115                _end = .
                0x00800115                PROVIDE (__heap_start, .)

.eeprom         0x00810000        0x0
 *(.eeprom*)
                0x00810000                __eeprom_end = .

.fuse
 *(.fuse)
 *(.lfuse)
 *(.hfuse)
 *(.efuse)

.lock
 *(.lock*)

.signature
 *(.signature*)

.stab
 *(.stab)

.stabstr
 *(.stabstr)

.stab.excl
 *(.stab.excl)

.stab.exclstr
 *(.stab.exclstr)

.stab.index
 *(.stab.index)

.stab.indexstr
 *(.stab.indexstr)

.comment
 *(.comment)

.debug
 *(.debug)

.line
 *(.line)

.debug_srcinfo
 *(.debug_srcinfo)

.debug_sfnames
 *(.debug_sfnames)

.debug_aranges  0x00000000       0xc0
 *(.debug_aranges)
 .debug_aranges
                0x00000000       0x20 main.o
 .debug_aranges
                0x00000020       0x20 rprintf.o
 .debug_aranges
                0x00000040       0x20 uart.o
 .debug_aranges
                0x00000060       0x20 buffer.o
 .debug_aranges
                0x00000080       0x20 a2d.o
 .debug_aranges
                0x000000a0       0x20 timer.o

.debug_pubnames
                0x00000000      0x76c
 *(.debug_pubnames)
 .debug_pubnames
                0x00000000       0x93 main.o
 .debug_pubnames
                0x00000093       0xd4 rprintf.o
 .debug_pubnames
                0x00000167      0x194 uart.o
 .debug_pubnames
                0x000002fb       0x9c buffer.o
 .debug_pubnames
                0x00000397       0xd4 a2d.o
 .debug_pubnames
                0x0000046b      0x301 timer.o

.debug_info     0x00000000     0x19f6
 *(.debug_info)
 .debug_info    0x00000000      0x4e6 main.o
 .debug_info    0x000004e6      0x4f7 rprintf.o
 .debug_info    0x000009dd      0x3ca uart.o
 .debug_info    0x00000da7      0x2cb buffer.o
 .debug_info    0x00001072      0x21b a2d.o
 .debug_info    0x0000128d      0x769 timer.o
 *(.gnu.linkonce.wi.*)

.debug_abbrev   0x00000000      0x949
 *(.debug_abbrev)
 .debug_abbrev  0x00000000      0x17b main.o
 .debug_abbrev  0x0000017b      0x1a3 rprintf.o
 .debug_abbrev  0x0000031e      0x1ba uart.o
 .debug_abbrev  0x000004d8       0xec buffer.o
 .debug_abbrev  0x000005c4      0x12f a2d.o
 .debug_abbrev  0x000006f3      0x256 timer.o

.debug_line     0x00000000     0x13af
 *(.debug_line)
 .debug_line    0x00000000      0x3f7 main.o
 .debug_line    0x000003f7      0x3a1 rprintf.o
 .debug_line    0x00000798      0x2ae uart.o
 .debug_line    0x00000a46      0x1de buffer.o
 .debug_line    0x00000c24      0x1ba a2d.o
 .debug_line    0x00000dde      0x5d1 timer.o

.debug_frame    0x00000000      0x5e0
 *(.debug_frame)
 .debug_frame   0x00000000       0xa0 main.o
 .debug_frame   0x000000a0       0xd0 rprintf.o
 .debug_frame   0x00000170      0x100 uart.o
 .debug_frame   0x00000270       0x80 buffer.o
 .debug_frame   0x000002f0       0xb0 a2d.o
 .debug_frame   0x000003a0      0x240 timer.o

.debug_str      0x00000000      0x8b5
 *(.debug_str)
 .debug_str     0x00000000      0x155 main.o
                                0x19c (size before relaxing)
 .debug_str     0x00000155      0x17e rprintf.o
                                0x22f (size before relaxing)
 .debug_str     0x000002d3      0x1c1 uart.o
                                0x27e (size before relaxing)
 .debug_str     0x00000494       0x97 buffer.o
                                0x191 (size before relaxing)
 .debug_str     0x0000052b       0xa5 a2d.o
                                0x155 (size before relaxing)
 .debug_str     0x000005d0      0x2e5 timer.o
                                0x39e (size before relaxing)

.debug_loc      0x00000000      0xb5a
 *(.debug_loc)
 .debug_loc     0x00000000       0x3b main.o
 .debug_loc     0x0000003b      0x6ba rprintf.o
 .debug_loc     0x000006f5       0xe1 uart.o
 .debug_loc     0x000007d6      0x1a2 buffer.o
 .debug_loc     0x00000978       0x4c a2d.o
 .debug_loc     0x000009c4      0x196 timer.o

.debug_macinfo
 *(.debug_macinfo)
OUTPUT(main.elf elf32-avr)
LOAD linker stubs

.debug_ranges   0x00000000       0x18
 .debug_ranges  0x00000000       0x18 main.o

Cross Reference Table

Symbol                                            File
LED_off                                           main.o
LED_on                                            main.o
Timer0Reg0                                        timer.o
Timer2Reg0                                        timer.o
TimerPauseReg                                     timer.o
TimerPrescaleFactor                               timer.o
TimerRTCPrescaleFactor                            timer.o
__bad_interrupt                                   c:/winavr-20100110/bin/../lib/gcc/avr/4.3.3/../../../../avr/lib/avr5/crtm32.o
__bss_end                                         c:/winavr-20100110/bin/../lib/gcc/avr/4.3.3/avr5\libgcc.a(_clear_bss.o)
__bss_start                                       c:/winavr-20100110/bin/../lib/gcc/avr/4.3.3/avr5\libgcc.a(_clear_bss.o)
__divmodsi4                                       c:/winavr-20100110/bin/../lib/gcc/avr/4.3.3/avr5\libgcc.a(_divmodsi4.o)
                                                  timer.o
__do_clear_bss                                    c:/winavr-20100110/bin/../lib/gcc/avr/4.3.3/avr5\libgcc.a(_clear_bss.o)
                                                  timer.o
                                                  a2d.o
                                                  uart.o
                                                  rprintf.o
__heap_end                                        c:/winavr-20100110/bin/../lib/gcc/avr/4.3.3/../../../../avr/lib/avr5/crtm32.o
__init                                            c:/winavr-20100110/bin/../lib/gcc/avr/4.3.3/../../../../avr/lib/avr5/crtm32.o
__mulsi3                                          c:/winavr-20100110/bin/../lib/gcc/avr/4.3.3/avr5\libgcc.a(_mulsi3.o)
                                                  timer.o
__stack                                           c:/winavr-20100110/bin/../lib/gcc/avr/4.3.3/../../../../avr/lib/avr5/crtm32.o
__udivmodhi4                                      c:/winavr-20100110/bin/../lib/gcc/avr/4.3.3/avr5\libgcc.a(_udivmodhi4.o)
                                                  buffer.o
                                                  rprintf.o
__udivmodsi4                                      c:/winavr-20100110/bin/../lib/gcc/avr/4.3.3/avr5\libgcc.a(_udivmodsi4.o)
                                                  c:/winavr-20100110/bin/../lib/gcc/avr/4.3.3/avr5\libgcc.a(_divmodsi4.o)
                                                  timer.o
                                                  uart.o
                                                  rprintf.o
__vector_1                                        c:/winavr-20100110/bin/../lib/gcc/avr/4.3.3/../../../../avr/lib/avr5/crtm32.o
__vector_10                                       c:/winavr-20100110/bin/../lib/gcc/avr/4.3.3/../../../../avr/lib/avr5/crtm32.o
__vector_11                                       uart.o
                                                  c:/winavr-20100110/bin/../lib/gcc/avr/4.3.3/../../../../avr/lib/avr5/crtm32.o
__vector_12                                       c:/winavr-20100110/bin/../lib/gcc/avr/4.3.3/../../../../avr/lib/avr5/crtm32.o
__vector_13                                       uart.o
                                                  c:/winavr-20100110/bin/../lib/gcc/avr/4.3.3/../../../../avr/lib/avr5/crtm32.o
__vector_14                                       a2d.o
                                                  c:/winavr-20100110/bin/../lib/gcc/avr/4.3.3/../../../../avr/lib/avr5/crtm32.o
__vector_15                                       c:/winavr-20100110/bin/../lib/gcc/avr/4.3.3/../../../../avr/lib/avr5/crtm32.o
__vector_16                                       c:/winavr-20100110/bin/../lib/gcc/avr/4.3.3/../../../../avr/lib/avr5/crtm32.o
__vector_17                                       c:/winavr-20100110/bin/../lib/gcc/avr/4.3.3/../../../../avr/lib/avr5/crtm32.o
__vector_18                                       c:/winavr-20100110/bin/../lib/gcc/avr/4.3.3/../../../../avr/lib/avr5/crtm32.o
__vector_19                                       timer.o
                                                  c:/winavr-20100110/bin/../lib/gcc/avr/4.3.3/../../../../avr/lib/avr5/crtm32.o
__vector_2                                        c:/winavr-20100110/bin/../lib/gcc/avr/4.3.3/../../../../avr/lib/avr5/crtm32.o
__vector_20                                       c:/winavr-20100110/bin/../lib/gcc/avr/4.3.3/../../../../avr/lib/avr5/crtm32.o
__vector_3                                        timer.o
                                                  c:/winavr-20100110/bin/../lib/gcc/avr/4.3.3/../../../../avr/lib/avr5/crtm32.o
__vector_4                                        timer.o
                                                  c:/winavr-20100110/bin/../lib/gcc/avr/4.3.3/../../../../avr/lib/avr5/crtm32.o
__vector_5                                        timer.o
                                                  c:/winavr-20100110/bin/../lib/gcc/avr/4.3.3/../../../../avr/lib/avr5/crtm32.o
__vector_6                                        timer.o
                                                  c:/winavr-20100110/bin/../lib/gcc/avr/4.3.3/../../../../avr/lib/avr5/crtm32.o
__vector_7                                        timer.o
                                                  c:/winavr-20100110/bin/../lib/gcc/avr/4.3.3/../../../../avr/lib/avr5/crtm32.o
__vector_8                                        timer.o
                                                  c:/winavr-20100110/bin/../lib/gcc/avr/4.3.3/../../../../avr/lib/avr5/crtm32.o
__vector_9                                        timer.o
                                                  c:/winavr-20100110/bin/../lib/gcc/avr/4.3.3/../../../../avr/lib/avr5/crtm32.o
__vector_default                                  c:/winavr-20100110/bin/../lib/gcc/avr/4.3.3/../../../../avr/lib/avr5/crtm32.o
__vectors                                         c:/winavr-20100110/bin/../lib/gcc/avr/4.3.3/../../../../avr/lib/avr5/crtm32.o
_exit                                             c:/winavr-20100110/bin/../lib/gcc/avr/4.3.3/avr5\libgcc.a(_exit.o)
a2dCompleteFlag                                   a2d.o
a2dConvert10bit                                   a2d.o
a2dConvert8bit                                    a2d.o
a2dInit                                           a2d.o
a2dIsComplete                                     a2d.o
a2dOff                                            a2d.o
a2dSetChannel                                     a2d.o
a2dSetPrescaler                                   a2d.o
a2dSetReference                                   a2d.o
a2dStartConvert                                   a2d.o
bufferAddToEnd                                    buffer.o
                                                  uart.o
bufferDumpFromFront                               buffer.o
bufferFlush                                       buffer.o
bufferGetAtIndex                                  buffer.o
bufferGetFromFront                                buffer.o
                                                  uart.o
bufferInit                                        buffer.o
                                                  uart.o
bufferIsNotFull                                   buffer.o
configure_ports                                   main.o
delay_cycles                                      main.o
delay_us                                          timer.o
exit                                              c:/winavr-20100110/bin/../lib/gcc/avr/4.3.3/avr5\libgcc.a(_exit.o)
                                                  c:/winavr-20100110/bin/../lib/gcc/avr/4.3.3/../../../../avr/lib/avr5/crtm32.o
main                                              main.o
                                                  c:/winavr-20100110/bin/../lib/gcc/avr/4.3.3/../../../../avr/lib/avr5/crtm32.o
pwminit                                           main.o
rprintf1RamRom                                    rprintf.o
                                                  main.o
rprintfCRLF                                       rprintf.o
rprintfChar                                       rprintf.o
rprintfInit                                       rprintf.o
                                                  main.o
rprintfNum                                        rprintf.o
rprintfProgStr                                    rprintf.o
rprintfStr                                        rprintf.o
rprintfStrLen                                     rprintf.o
rprintfu04                                        rprintf.o
rprintfu08                                        rprintf.o
rprintfu16                                        rprintf.o
rprintfu32                                        rprintf.o
servo_left                                        main.o
servo_right                                       main.o
setpwmoutput                                      main.o
timer0ClearOverflowCount                          timer.o
timer0GetOverflowCount                            timer.o
timer0GetPrescaler                                timer.o
timer0Init                                        timer.o
timer0SetPrescaler                                timer.o
timer1GetPrescaler                                timer.o
timer1Init                                        timer.o
timer1PWMAOff                                     timer.o
timer1PWMAOn                                      timer.o
timer1PWMASet                                     timer.o
timer1PWMBOff                                     timer.o
timer1PWMBOn                                      timer.o
timer1PWMBSet                                     timer.o
timer1PWMInit                                     timer.o
timer1PWMInitICR                                  timer.o
timer1PWMOff                                      timer.o
timer1SetPrescaler                                timer.o
timer2ClearOverflowCount                          timer.o
timer2GetOverflowCount                            timer.o
timer2GetPrescaler                                timer.o
timer2Init                                        timer.o
timer2SetPrescaler                                timer.o
timerAttach                                       timer.o
timerDetach                                       timer.o
timerInit                                         timer.o
timerPause                                        timer.o
uartAddToTxBuffer                                 uart.o
uartBufferedTx                                    uart.o
uartFlushReceiveBuffer                            uart.o
uartGetByte                                       uart.o
                                                  main.o
uartGetRxBuffer                                   uart.o
uartGetTxBuffer                                   uart.o
uartInit                                          uart.o
                                                  main.o
uartInitBuffers                                   uart.o
uartReadyTx                                       uart.o
uartReceiveBufferIsEmpty                          uart.o
uartReceiveByte                                   uart.o
uartRxBuffer                                      uart.o
uartRxOverflow                                    uart.o
uartSendByte                                      uart.o
                                                  main.o
uartSendTxBuffer                                  uart.o
uartSetBaudRate                                   uart.o
                                                  main.o
uartSetRxHandler                                  uart.o
uartTxBuffer                                      uart.o
