Archive member included because of file (symbol)

c:/winavr-20100110/bin/../lib/gcc/avr/4.3.3/avr5\libgcc.a(_udivmodhi4.o)
                              rprintf.o (__udivmodhi4)
c:/winavr-20100110/bin/../lib/gcc/avr/4.3.3/avr5\libgcc.a(_udivmodsi4.o)
                              uart.o (__udivmodsi4)
c:/winavr-20100110/bin/../lib/gcc/avr/4.3.3/avr5\libgcc.a(_exit.o)
                              c:/winavr-20100110/bin/../lib/gcc/avr/4.3.3/../../../../avr/lib/avr5/crtm16.o (exit)
c:/winavr-20100110/bin/../lib/gcc/avr/4.3.3/avr5\libgcc.a(_clear_bss.o)
                              a2d.o (__do_clear_bss)

Allocating common symbols
Common symbol       size              file

uartReadyTx         0x1               uart.o
uartRxBuffer        0x8               uart.o
uartBufferedTx      0x1               uart.o
a2dCompleteFlag     0x1               a2d.o
uartTxBuffer        0x8               uart.o
uartRxOverflow      0x2               uart.o

Memory Configuration

Name             Origin             Length             Attributes
text             0x00000000         0x00020000         xr
data             0x00800060         0x0000ffa0         rw !x
eeprom           0x00810000         0x00010000         rw !x
fuse             0x00820000         0x00000400         rw !x
lock             0x00830000         0x00000400         rw !x
signature        0x00840000         0x00000400         rw !x
*default*        0x00000000         0xffffffff

Linker script and memory map

LOAD c:/winavr-20100110/bin/../lib/gcc/avr/4.3.3/../../../../avr/lib/avr5/crtm16.o
LOAD main.o
LOAD a2d.o
LOAD uart.o
LOAD rprintf.o
LOAD buffer.o
LOAD c:/winavr-20100110/bin/../lib/gcc/avr/4.3.3/../../../../avr/lib/avr5\libm.a
LOAD c:/winavr-20100110/bin/../lib/gcc/avr/4.3.3/avr5\libgcc.a
LOAD c:/winavr-20100110/bin/../lib/gcc/avr/4.3.3/../../../../avr/lib/avr5\libc.a
LOAD c:/winavr-20100110/bin/../lib/gcc/avr/4.3.3/avr5\libgcc.a

.hash
 *(.hash)

.dynsym
 *(.dynsym)

.dynstr
 *(.dynstr)

.gnu.version
 *(.gnu.version)

.gnu.version_d
 *(.gnu.version_d)

.gnu.version_r
 *(.gnu.version_r)

.rel.init
 *(.rel.init)

.rela.init
 *(.rela.init)

.rel.text
 *(.rel.text)
 *(.rel.text.*)
 *(.rel.gnu.linkonce.t*)

.rela.text
 *(.rela.text)
 *(.rela.text.*)
 *(.rela.gnu.linkonce.t*)

.rel.fini
 *(.rel.fini)

.rela.fini
 *(.rela.fini)

.rel.rodata
 *(.rel.rodata)
 *(.rel.rodata.*)
 *(.rel.gnu.linkonce.r*)

.rela.rodata
 *(.rela.rodata)
 *(.rela.rodata.*)
 *(.rela.gnu.linkonce.r*)

.rel.data
 *(.rel.data)
 *(.rel.data.*)
 *(.rel.gnu.linkonce.d*)

.rela.data
 *(.rela.data)
 *(.rela.data.*)
 *(.rela.gnu.linkonce.d*)

.rel.ctors
 *(.rel.ctors)

.rela.ctors
 *(.rela.ctors)

.rel.dtors
 *(.rel.dtors)

.rela.dtors
 *(.rela.dtors)

.rel.got
 *(.rel.got)

.rela.got
 *(.rela.got)

.rel.bss
 *(.rel.bss)

.rela.bss
 *(.rela.bss)

.rel.plt
 *(.rel.plt)

.rela.plt
 *(.rela.plt)

.text           0x00000000      0xa28
 *(.vectors)
 .vectors       0x00000000       0x54 c:/winavr-20100110/bin/../lib/gcc/avr/4.3.3/../../../../avr/lib/avr5/crtm16.o
                0x00000000                __vectors
                0x00000000                __vector_default
 *(.vectors)
 *(.progmem.gcc*)
 *(.progmem*)
 .progmem.data  0x00000054        0xe main.o
 .progmem.data  0x00000062       0x11 rprintf.o
                0x00000074                . = ALIGN (0x2)
 *fill*         0x00000073        0x1 00
                0x00000074                __trampolines_start = .
 *(.trampolines)
 .trampolines   0x00000074        0x0 linker stubs
 *(.trampolines*)
                0x00000074                __trampolines_end = .
 *(.jumptables)
 *(.jumptables*)
 *(.lowtext)
 *(.lowtext*)
                0x00000074                __ctors_start = .
 *(.ctors)
                0x00000074                __ctors_end = .
                0x00000074                __dtors_start = .
 *(.dtors)
                0x00000074                __dtors_end = .
 SORT(*)(.ctors)
 SORT(*)(.dtors)
 *(.init0)
 .init0         0x00000074        0x0 c:/winavr-20100110/bin/../lib/gcc/avr/4.3.3/../../../../avr/lib/avr5/crtm16.o
                0x00000074                __init
 *(.init0)
 *(.init1)
 *(.init1)
 *(.init2)
 .init2         0x00000074        0xc c:/winavr-20100110/bin/../lib/gcc/avr/4.3.3/../../../../avr/lib/avr5/crtm16.o
 *(.init2)
 *(.init3)
 *(.init3)
 *(.init4)
 .init4         0x00000080       0x10 c:/winavr-20100110/bin/../lib/gcc/avr/4.3.3/avr5\libgcc.a(_clear_bss.o)
                0x00000080                __do_clear_bss
 *(.init4)
 *(.init5)
 *(.init5)
 *(.init6)
 *(.init6)
 *(.init7)
 *(.init7)
 *(.init8)
 *(.init8)
 *(.init9)
 .init9         0x00000090        0x8 c:/winavr-20100110/bin/../lib/gcc/avr/4.3.3/../../../../avr/lib/avr5/crtm16.o
 *(.init9)
 *(.text)
 .text          0x00000098        0x4 c:/winavr-20100110/bin/../lib/gcc/avr/4.3.3/../../../../avr/lib/avr5/crtm16.o
                0x00000098                __vector_1
                0x00000098                __vector_12
                0x00000098                __bad_interrupt
                0x00000098                __vector_6
                0x00000098                __vector_3
                0x00000098                __vector_17
                0x00000098                __vector_19
                0x00000098                __vector_7
                0x00000098                __vector_5
                0x00000098                __vector_4
                0x00000098                __vector_9
                0x00000098                __vector_2
                0x00000098                __vector_15
                0x00000098                __vector_8
                0x00000098                __vector_10
                0x00000098                __vector_16
                0x00000098                __vector_18
                0x00000098                __vector_20
 .text          0x0000009c       0xe8 main.o
                0x000000aa                delay_cycles
                0x000000ac                LED_on
                0x000000b4                servo_left
                0x000000b0                LED_off
                0x000000ba                servo_right
                0x000000c0                main
                0x0000009c                configure_ports
 .text          0x00000184       0xae a2d.o
                0x000001d8                a2dIsComplete
                0x00000206                a2dConvert8bit
                0x000001a4                a2dOff
                0x000001aa                a2dSetPrescaler
                0x000001de                a2dConvert10bit
                0x00000184                a2dInit
                0x000001b4                a2dSetReference
                0x00000214                __vector_14
                0x000001c6                a2dSetChannel
                0x000001d2                a2dStartConvert
 .text          0x00000232      0x248 uart.o
                0x000003a6                uartSendTxBuffer
                0x0000027e                uartSendByte
                0x00000426                uartInitBuffers
                0x000003c6                uartReceiveByte
                0x0000032c                uartAddToTxBuffer
                0x000002ae                __vector_11
                0x00000232                uartSetRxHandler
                0x00000338                __vector_13
                0x00000290                uartFlushReceiveBuffer
                0x00000448                uartInit
                0x0000029a                uartReceiveBufferIsEmpty
                0x0000023c                uartSetBaudRate
                0x00000278                uartGetTxBuffer
                0x000003fa                uartGetByte
                0x00000272                uartGetRxBuffer
 .text          0x0000047a      0x3de rprintf.o
                0x00000730                rprintf1RamRom
                0x00000560                rprintfu08
                0x0000058a                rprintfu32
                0x000004a8                rprintfStr
                0x000004c6                rprintfStrLen
                0x00000522                rprintfProgStr
                0x00000576                rprintfu16
                0x0000047a                rprintfInit
                0x00000484                rprintfChar
                0x00000542                rprintfCRLF
                0x0000054a                rprintfu04
                0x000005b0                rprintfNum
 .text          0x00000858      0x160 buffer.o
                0x00000992                bufferIsNotFull
                0x00000872                bufferGetFromFront
                0x0000091c                bufferGetAtIndex
                0x000008d8                bufferDumpFromFront
                0x00000858                bufferInit
                0x00000944                bufferAddToEnd
                0x000009aa                bufferFlush
 .text          0x000009b8        0x0 c:/winavr-20100110/bin/../lib/gcc/avr/4.3.3/avr5\libgcc.a(_udivmodhi4.o)
 .text          0x000009b8        0x0 c:/winavr-20100110/bin/../lib/gcc/avr/4.3.3/avr5\libgcc.a(_udivmodsi4.o)
 .text          0x000009b8        0x0 c:/winavr-20100110/bin/../lib/gcc/avr/4.3.3/avr5\libgcc.a(_exit.o)
 .text          0x000009b8        0x0 c:/winavr-20100110/bin/../lib/gcc/avr/4.3.3/avr5\libgcc.a(_clear_bss.o)
                0x000009b8                . = ALIGN (0x2)
 *(.text.*)
 .text.libgcc   0x000009b8       0x28 c:/winavr-20100110/bin/../lib/gcc/avr/4.3.3/avr5\libgcc.a(_udivmodhi4.o)
                0x000009b8                __udivmodhi4
 .text.libgcc   0x000009e0       0x44 c:/winavr-20100110/bin/../lib/gcc/avr/4.3.3/avr5\libgcc.a(_udivmodsi4.o)
                0x000009e0                __udivmodsi4
 .text.libgcc   0x00000a24        0x0 c:/winavr-20100110/bin/../lib/gcc/avr/4.3.3/avr5\libgcc.a(_exit.o)
 .text.libgcc   0x00000a24        0x0 c:/winavr-20100110/bin/../lib/gcc/avr/4.3.3/avr5\libgcc.a(_clear_bss.o)
                0x00000a24                . = ALIGN (0x2)
 *(.fini9)
 .fini9         0x00000a24        0x0 c:/winavr-20100110/bin/../lib/gcc/avr/4.3.3/avr5\libgcc.a(_exit.o)
                0x00000a24                exit
                0x00000a24                _exit
 *(.fini9)
 *(.fini8)
 *(.fini8)
 *(.fini7)
 *(.fini7)
 *(.fini6)
 *(.fini6)
 *(.fini5)
 *(.fini5)
 *(.fini4)
 *(.fini4)
 *(.fini3)
 *(.fini3)
 *(.fini2)
 *(.fini2)
 *(.fini1)
 *(.fini1)
 *(.fini0)
 .fini0         0x00000a24        0x4 c:/winavr-20100110/bin/../lib/gcc/avr/4.3.3/avr5\libgcc.a(_exit.o)
 *(.fini0)
                0x00000a28                _etext = .

.data           0x00800060        0x0 load address 0x00000a28
                0x00800060                PROVIDE (__data_start, .)
 *(.data)
 .data          0x00800060        0x0 c:/winavr-20100110/bin/../lib/gcc/avr/4.3.3/../../../../avr/lib/avr5/crtm16.o
 .data          0x00800060        0x0 main.o
 .data          0x00800060        0x0 a2d.o
 .data          0x00800060        0x0 uart.o
 .data          0x00800060        0x0 rprintf.o
 .data          0x00800060        0x0 buffer.o
 .data          0x00800060        0x0 c:/winavr-20100110/bin/../lib/gcc/avr/4.3.3/avr5\libgcc.a(_udivmodhi4.o)
 .data          0x00800060        0x0 c:/winavr-20100110/bin/../lib/gcc/avr/4.3.3/avr5\libgcc.a(_udivmodsi4.o)
 .data          0x00800060        0x0 c:/winavr-20100110/bin/../lib/gcc/avr/4.3.3/avr5\libgcc.a(_exit.o)
 .data          0x00800060        0x0 c:/winavr-20100110/bin/../lib/gcc/avr/4.3.3/avr5\libgcc.a(_clear_bss.o)
 *(.data*)
 *(.rodata)
 *(.rodata*)
 *(.gnu.linkonce.d*)
                0x00800060                . = ALIGN (0x2)
                0x00800060                _edata = .
                0x00800060                PROVIDE (__data_end, .)

.bss            0x00800060       0x99
                0x00800060                PROVIDE (__bss_start, .)
 *(.bss)
 .bss           0x00800060        0x0 c:/winavr-20100110/bin/../lib/gcc/avr/4.3.3/../../../../avr/lib/avr5/crtm16.o
 .bss           0x00800060        0x0 main.o
 .bss           0x00800060        0x0 a2d.o
 .bss           0x00800060       0x82 uart.o
 .bss           0x008000e2        0x2 rprintf.o
 .bss           0x008000e4        0x0 buffer.o
 .bss           0x008000e4        0x0 c:/winavr-20100110/bin/../lib/gcc/avr/4.3.3/avr5\libgcc.a(_udivmodhi4.o)
 .bss           0x008000e4        0x0 c:/winavr-20100110/bin/../lib/gcc/avr/4.3.3/avr5\libgcc.a(_udivmodsi4.o)
 .bss           0x008000e4        0x0 c:/winavr-20100110/bin/../lib/gcc/avr/4.3.3/avr5\libgcc.a(_exit.o)
 .bss           0x008000e4        0x0 c:/winavr-20100110/bin/../lib/gcc/avr/4.3.3/avr5\libgcc.a(_clear_bss.o)
 *(.bss*)
 *(COMMON)
 COMMON         0x008000e4        0x1 a2d.o
                0x008000e4                a2dCompleteFlag
 COMMON         0x008000e5       0x14 uart.o
                0x008000e5                uartReadyTx
                0x008000e6                uartRxBuffer
                0x008000ee                uartBufferedTx
                0x008000ef                uartTxBuffer
                0x008000f7                uartRxOverflow
                0x008000f9                PROVIDE (__bss_end, .)
                0x00000a28                __data_load_start = LOADADDR (.data)
                0x00000a28                __data_load_end = (__data_load_start + SIZEOF (.data))

.noinit         0x008000f9        0x0
                0x008000f9                PROVIDE (__noinit_start, .)
 *(.noinit*)
                0x008000f9                PROVIDE (__noinit_end, .)
                0x008000f9                _end = .
                0x008000f9                PROVIDE (__heap_start, .)

.eeprom         0x00810000        0x0
 *(.eeprom*)
                0x00810000                __eeprom_end = .

.fuse
 *(.fuse)
 *(.lfuse)
 *(.hfuse)
 *(.efuse)

.lock
 *(.lock*)

.signature
 *(.signature*)

.stab
 *(.stab)

.stabstr
 *(.stabstr)

.stab.excl
 *(.stab.excl)

.stab.exclstr
 *(.stab.exclstr)

.stab.index
 *(.stab.index)

.stab.indexstr
 *(.stab.indexstr)

.comment
 *(.comment)

.debug
 *(.debug)

.line
 *(.line)

.debug_srcinfo
 *(.debug_srcinfo)

.debug_sfnames
 *(.debug_sfnames)

.debug_aranges  0x00000000       0xa0
 *(.debug_aranges)
 .debug_aranges
                0x00000000       0x20 main.o
 .debug_aranges
                0x00000020       0x20 a2d.o
 .debug_aranges
                0x00000040       0x20 uart.o
 .debug_aranges
                0x00000060       0x20 rprintf.o
 .debug_aranges
                0x00000080       0x20 buffer.o

.debug_pubnames
                0x00000000      0x44e
 *(.debug_pubnames)
 .debug_pubnames
                0x00000000       0x76 main.o
 .debug_pubnames
                0x00000076       0xd4 a2d.o
 .debug_pubnames
                0x0000014a      0x194 uart.o
 .debug_pubnames
                0x000002de       0xd4 rprintf.o
 .debug_pubnames
                0x000003b2       0x9c buffer.o

.debug_info     0x00000000     0x1041
 *(.debug_info)
 .debug_info    0x00000000      0x29a main.o
 .debug_info    0x0000029a      0x21b a2d.o
 .debug_info    0x000004b5      0x3ca uart.o
 .debug_info    0x0000087f      0x4f7 rprintf.o
 .debug_info    0x00000d76      0x2cb buffer.o
 *(.gnu.linkonce.wi.*)

.debug_abbrev   0x00000000      0x6db
 *(.debug_abbrev)
 .debug_abbrev  0x00000000      0x163 main.o
 .debug_abbrev  0x00000163      0x12f a2d.o
 .debug_abbrev  0x00000292      0x1ba uart.o
 .debug_abbrev  0x0000044c      0x1a3 rprintf.o
 .debug_abbrev  0x000005ef       0xec buffer.o

.debug_line     0x00000000      0xc55
 *(.debug_line)
 .debug_line    0x00000000      0x26e main.o
 .debug_line    0x0000026e      0x1ba a2d.o
 .debug_line    0x00000428      0x2ae uart.o
 .debug_line    0x000006d6      0x3a1 rprintf.o
 .debug_line    0x00000a77      0x1de buffer.o

.debug_frame    0x00000000      0x380
 *(.debug_frame)
 .debug_frame   0x00000000       0x80 main.o
 .debug_frame   0x00000080       0xb0 a2d.o
 .debug_frame   0x00000130      0x100 uart.o
 .debug_frame   0x00000230       0xd0 rprintf.o
 .debug_frame   0x00000300       0x80 buffer.o

.debug_str      0x00000000      0x574
 *(.debug_str)
 .debug_str     0x00000000      0x114 main.o
                                0x154 (size before relaxing)
 .debug_str     0x00000114       0xa5 a2d.o
                                0x155 (size before relaxing)
 .debug_str     0x000001b9      0x1c1 uart.o
                                0x27e (size before relaxing)
 .debug_str     0x0000037a      0x163 rprintf.o
                                0x22f (size before relaxing)
 .debug_str     0x000004dd       0x97 buffer.o
                                0x191 (size before relaxing)

.debug_loc      0x00000000      0x9d1
 *(.debug_loc)
 .debug_loc     0x00000000       0x48 main.o
 .debug_loc     0x00000048       0x4c a2d.o
 .debug_loc     0x00000094       0xe1 uart.o
 .debug_loc     0x00000175      0x6ba rprintf.o
 .debug_loc     0x0000082f      0x1a2 buffer.o

.debug_macinfo
 *(.debug_macinfo)
OUTPUT(main.elf elf32-avr)
LOAD linker stubs

.debug_ranges   0x00000000       0x90
 .debug_ranges  0x00000000       0x90 main.o

Cross Reference Table

Symbol                                            File
LED_off                                           main.o
LED_on                                            main.o
__bad_interrupt                                   c:/winavr-20100110/bin/../lib/gcc/avr/4.3.3/../../../../avr/lib/avr5/crtm16.o
__bss_end                                         c:/winavr-20100110/bin/../lib/gcc/avr/4.3.3/avr5\libgcc.a(_clear_bss.o)
__bss_start                                       c:/winavr-20100110/bin/../lib/gcc/avr/4.3.3/avr5\libgcc.a(_clear_bss.o)
__do_clear_bss                                    c:/winavr-20100110/bin/../lib/gcc/avr/4.3.3/avr5\libgcc.a(_clear_bss.o)
                                                  rprintf.o
                                                  uart.o
                                                  a2d.o
__heap_end                                        c:/winavr-20100110/bin/../lib/gcc/avr/4.3.3/../../../../avr/lib/avr5/crtm16.o
__init                                            c:/winavr-20100110/bin/../lib/gcc/avr/4.3.3/../../../../avr/lib/avr5/crtm16.o
__stack                                           c:/winavr-20100110/bin/../lib/gcc/avr/4.3.3/../../../../avr/lib/avr5/crtm16.o
__udivmodhi4                                      c:/winavr-20100110/bin/../lib/gcc/avr/4.3.3/avr5\libgcc.a(_udivmodhi4.o)
                                                  buffer.o
                                                  rprintf.o
__udivmodsi4                                      c:/winavr-20100110/bin/../lib/gcc/avr/4.3.3/avr5\libgcc.a(_udivmodsi4.o)
                                                  rprintf.o
                                                  uart.o
__vector_1                                        c:/winavr-20100110/bin/../lib/gcc/avr/4.3.3/../../../../avr/lib/avr5/crtm16.o
__vector_10                                       c:/winavr-20100110/bin/../lib/gcc/avr/4.3.3/../../../../avr/lib/avr5/crtm16.o
__vector_11                                       uart.o
                                                  c:/winavr-20100110/bin/../lib/gcc/avr/4.3.3/../../../../avr/lib/avr5/crtm16.o
__vector_12                                       c:/winavr-20100110/bin/../lib/gcc/avr/4.3.3/../../../../avr/lib/avr5/crtm16.o
__vector_13                                       uart.o
                                                  c:/winavr-20100110/bin/../lib/gcc/avr/4.3.3/../../../../avr/lib/avr5/crtm16.o
__vector_14                                       a2d.o
                                                  c:/winavr-20100110/bin/../lib/gcc/avr/4.3.3/../../../../avr/lib/avr5/crtm16.o
__vector_15                                       c:/winavr-20100110/bin/../lib/gcc/avr/4.3.3/../../../../avr/lib/avr5/crtm16.o
__vector_16                                       c:/winavr-20100110/bin/../lib/gcc/avr/4.3.3/../../../../avr/lib/avr5/crtm16.o
__vector_17                                       c:/winavr-20100110/bin/../lib/gcc/avr/4.3.3/../../../../avr/lib/avr5/crtm16.o
__vector_18                                       c:/winavr-20100110/bin/../lib/gcc/avr/4.3.3/../../../../avr/lib/avr5/crtm16.o
__vector_19                                       c:/winavr-20100110/bin/../lib/gcc/avr/4.3.3/../../../../avr/lib/avr5/crtm16.o
__vector_2                                        c:/winavr-20100110/bin/../lib/gcc/avr/4.3.3/../../../../avr/lib/avr5/crtm16.o
__vector_20                                       c:/winavr-20100110/bin/../lib/gcc/avr/4.3.3/../../../../avr/lib/avr5/crtm16.o
__vector_3                                        c:/winavr-20100110/bin/../lib/gcc/avr/4.3.3/../../../../avr/lib/avr5/crtm16.o
__vector_4                                        c:/winavr-20100110/bin/../lib/gcc/avr/4.3.3/../../../../avr/lib/avr5/crtm16.o
__vector_5                                        c:/winavr-20100110/bin/../lib/gcc/avr/4.3.3/../../../../avr/lib/avr5/crtm16.o
__vector_6                                        c:/winavr-20100110/bin/../lib/gcc/avr/4.3.3/../../../../avr/lib/avr5/crtm16.o
__vector_7                                        c:/winavr-20100110/bin/../lib/gcc/avr/4.3.3/../../../../avr/lib/avr5/crtm16.o
__vector_8                                        c:/winavr-20100110/bin/../lib/gcc/avr/4.3.3/../../../../avr/lib/avr5/crtm16.o
__vector_9                                        c:/winavr-20100110/bin/../lib/gcc/avr/4.3.3/../../../../avr/lib/avr5/crtm16.o
__vector_default                                  c:/winavr-20100110/bin/../lib/gcc/avr/4.3.3/../../../../avr/lib/avr5/crtm16.o
__vectors                                         c:/winavr-20100110/bin/../lib/gcc/avr/4.3.3/../../../../avr/lib/avr5/crtm16.o
_exit                                             c:/winavr-20100110/bin/../lib/gcc/avr/4.3.3/avr5\libgcc.a(_exit.o)
a2dCompleteFlag                                   a2d.o
a2dConvert10bit                                   a2d.o
a2dConvert8bit                                    a2d.o
a2dInit                                           a2d.o
a2dIsComplete                                     a2d.o
a2dOff                                            a2d.o
a2dSetChannel                                     a2d.o
a2dSetPrescaler                                   a2d.o
a2dSetReference                                   a2d.o
a2dStartConvert                                   a2d.o
bufferAddToEnd                                    buffer.o
                                                  uart.o
bufferDumpFromFront                               buffer.o
bufferFlush                                       buffer.o
bufferGetAtIndex                                  buffer.o
bufferGetFromFront                                buffer.o
                                                  uart.o
bufferInit                                        buffer.o
                                                  uart.o
bufferIsNotFull                                   buffer.o
configure_ports                                   main.o
delay_cycles                                      main.o
exit                                              c:/winavr-20100110/bin/../lib/gcc/avr/4.3.3/avr5\libgcc.a(_exit.o)
                                                  c:/winavr-20100110/bin/../lib/gcc/avr/4.3.3/../../../../avr/lib/avr5/crtm16.o
main                                              main.o
                                                  c:/winavr-20100110/bin/../lib/gcc/avr/4.3.3/../../../../avr/lib/avr5/crtm16.o
rprintf1RamRom                                    rprintf.o
                                                  main.o
rprintfCRLF                                       rprintf.o
rprintfChar                                       rprintf.o
rprintfInit                                       rprintf.o
                                                  main.o
rprintfNum                                        rprintf.o
rprintfProgStr                                    rprintf.o
rprintfStr                                        rprintf.o
rprintfStrLen                                     rprintf.o
rprintfu04                                        rprintf.o
rprintfu08                                        rprintf.o
rprintfu16                                        rprintf.o
rprintfu32                                        rprintf.o
servo_left                                        main.o
servo_right                                       main.o
uartAddToTxBuffer                                 uart.o
uartBufferedTx                                    uart.o
uartFlushReceiveBuffer                            uart.o
uartGetByte                                       uart.o
                                                  main.o
uartGetRxBuffer                                   uart.o
uartGetTxBuffer                                   uart.o
uartInit                                          uart.o
                                                  main.o
uartInitBuffers                                   uart.o
uartReadyTx                                       uart.o
uartReceiveBufferIsEmpty                          uart.o
uartReceiveByte                                   uart.o
uartRxBuffer                                      uart.o
uartRxOverflow                                    uart.o
uartSendByte                                      uart.o
                                                  main.o
uartSendTxBuffer                                  uart.o
uartSetBaudRate                                   uart.o
                                                  main.o
uartSetRxHandler                                  uart.o
uartTxBuffer                                      uart.o
