Archive member included because of file (symbol)

c:/winavr-20100110/bin/../lib/gcc/avr/4.3.3/avr5\libgcc.a(_udivmodhi4.o)
                              buffer.o (__udivmodhi4)
c:/winavr-20100110/bin/../lib/gcc/avr/4.3.3/avr5\libgcc.a(_udivmodsi4.o)
                              uart.o (__udivmodsi4)
c:/winavr-20100110/bin/../lib/gcc/avr/4.3.3/avr5\libgcc.a(_exit.o)
                              c:/winavr-20100110/bin/../lib/gcc/avr/4.3.3/../../../../avr/lib/avr5/crtm16.o (exit)
c:/winavr-20100110/bin/../lib/gcc/avr/4.3.3/avr5\libgcc.a(_clear_bss.o)
                              a2d.o (__do_clear_bss)

Allocating common symbols
Common symbol       size              file

uartReadyTx         0x1               uart.o
uartRxBuffer        0x8               uart.o
uartBufferedTx      0x1               uart.o
a2dCompleteFlag     0x1               a2d.o
uartTxBuffer        0x8               uart.o
uartRxOverflow      0x2               uart.o

Memory Configuration

Name             Origin             Length             Attributes
text             0x00000000         0x00020000         xr
data             0x00800060         0x0000ffa0         rw !x
eeprom           0x00810000         0x00010000         rw !x
fuse             0x00820000         0x00000400         rw !x
lock             0x00830000         0x00000400         rw !x
signature        0x00840000         0x00000400         rw !x
*default*        0x00000000         0xffffffff

Linker script and memory map

LOAD c:/winavr-20100110/bin/../lib/gcc/avr/4.3.3/../../../../avr/lib/avr5/crtm16.o
LOAD main.o
LOAD a2d.o
LOAD uart.o
LOAD buffer.o
LOAD rprintf.o
LOAD c:/winavr-20100110/bin/../lib/gcc/avr/4.3.3/../../../../avr/lib/avr5\libm.a
LOAD c:/winavr-20100110/bin/../lib/gcc/avr/4.3.3/avr5\libgcc.a
LOAD c:/winavr-20100110/bin/../lib/gcc/avr/4.3.3/../../../../avr/lib/avr5\libc.a
LOAD c:/winavr-20100110/bin/../lib/gcc/avr/4.3.3/avr5\libgcc.a

.hash
 *(.hash)

.dynsym
 *(.dynsym)

.dynstr
 *(.dynstr)

.gnu.version
 *(.gnu.version)

.gnu.version_d
 *(.gnu.version_d)

.gnu.version_r
 *(.gnu.version_r)

.rel.init
 *(.rel.init)

.rela.init
 *(.rela.init)

.rel.text
 *(.rel.text)
 *(.rel.text.*)
 *(.rel.gnu.linkonce.t*)

.rela.text
 *(.rela.text)
 *(.rela.text.*)
 *(.rela.gnu.linkonce.t*)

.rel.fini
 *(.rel.fini)

.rela.fini
 *(.rela.fini)

.rel.rodata
 *(.rel.rodata)
 *(.rel.rodata.*)
 *(.rel.gnu.linkonce.r*)

.rela.rodata
 *(.rela.rodata)
 *(.rela.rodata.*)
 *(.rela.gnu.linkonce.r*)

.rel.data
 *(.rel.data)
 *(.rel.data.*)
 *(.rel.gnu.linkonce.d*)

.rela.data
 *(.rela.data)
 *(.rela.data.*)
 *(.rela.gnu.linkonce.d*)

.rel.ctors
 *(.rel.ctors)

.rela.ctors
 *(.rela.ctors)

.rel.dtors
 *(.rel.dtors)

.rela.dtors
 *(.rela.dtors)

.rel.got
 *(.rel.got)

.rela.got
 *(.rela.got)

.rel.bss
 *(.rel.bss)

.rela.bss
 *(.rela.bss)

.rel.plt
 *(.rel.plt)

.rela.plt
 *(.rela.plt)

.text           0x00000000      0x988
 *(.vectors)
 .vectors       0x00000000       0x54 c:/winavr-20100110/bin/../lib/gcc/avr/4.3.3/../../../../avr/lib/avr5/crtm16.o
                0x00000000                __vectors
                0x00000000                __vector_default
 *(.vectors)
 *(.progmem.gcc*)
 *(.progmem*)
 .progmem.data  0x00000054       0x11 rprintf.o
                0x00000066                . = ALIGN (0x2)
 *fill*         0x00000065        0x1 00
                0x00000066                __trampolines_start = .
 *(.trampolines)
 .trampolines   0x00000066        0x0 linker stubs
 *(.trampolines*)
                0x00000066                __trampolines_end = .
 *(.jumptables)
 *(.jumptables*)
 *(.lowtext)
 *(.lowtext*)
                0x00000066                __ctors_start = .
 *(.ctors)
                0x00000066                __ctors_end = .
                0x00000066                __dtors_start = .
 *(.dtors)
                0x00000066                __dtors_end = .
 SORT(*)(.ctors)
 SORT(*)(.dtors)
 *(.init0)
 .init0         0x00000066        0x0 c:/winavr-20100110/bin/../lib/gcc/avr/4.3.3/../../../../avr/lib/avr5/crtm16.o
                0x00000066                __init
 *(.init0)
 *(.init1)
 *(.init1)
 *(.init2)
 .init2         0x00000066        0xc c:/winavr-20100110/bin/../lib/gcc/avr/4.3.3/../../../../avr/lib/avr5/crtm16.o
 *(.init2)
 *(.init3)
 *(.init3)
 *(.init4)
 .init4         0x00000072       0x10 c:/winavr-20100110/bin/../lib/gcc/avr/4.3.3/avr5\libgcc.a(_clear_bss.o)
                0x00000072                __do_clear_bss
 *(.init4)
 *(.init5)
 *(.init5)
 *(.init6)
 *(.init6)
 *(.init7)
 *(.init7)
 *(.init8)
 *(.init8)
 *(.init9)
 .init9         0x00000082        0x8 c:/winavr-20100110/bin/../lib/gcc/avr/4.3.3/../../../../avr/lib/avr5/crtm16.o
 *(.init9)
 *(.text)
 .text          0x0000008a        0x4 c:/winavr-20100110/bin/../lib/gcc/avr/4.3.3/../../../../avr/lib/avr5/crtm16.o
                0x0000008a                __vector_1
                0x0000008a                __vector_12
                0x0000008a                __bad_interrupt
                0x0000008a                __vector_6
                0x0000008a                __vector_3
                0x0000008a                __vector_17
                0x0000008a                __vector_19
                0x0000008a                __vector_7
                0x0000008a                __vector_5
                0x0000008a                __vector_4
                0x0000008a                __vector_9
                0x0000008a                __vector_2
                0x0000008a                __vector_15
                0x0000008a                __vector_8
                0x0000008a                __vector_10
                0x0000008a                __vector_16
                0x0000008a                __vector_18
                0x0000008a                __vector_20
 .text          0x0000008e       0x56 main.o
                0x0000009c                delay_cycles
                0x0000009e                LED_on
                0x000000a6                servo_left
                0x000000bc                SetPWMOutput
                0x000000b2                InitPWM
                0x000000a2                LED_off
                0x000000ac                servo_right
                0x000000c0                main
                0x0000008e                configure_ports
 .text          0x000000e4       0xae a2d.o
                0x00000138                a2dIsComplete
                0x00000166                a2dConvert8bit
                0x00000104                a2dOff
                0x0000010a                a2dSetPrescaler
                0x0000013e                a2dConvert10bit
                0x000000e4                a2dInit
                0x00000114                a2dSetReference
                0x00000174                __vector_14
                0x00000126                a2dSetChannel
                0x00000132                a2dStartConvert
 .text          0x00000192      0x248 uart.o
                0x00000306                uartSendTxBuffer
                0x000001de                uartSendByte
                0x00000386                uartInitBuffers
                0x00000326                uartReceiveByte
                0x0000028c                uartAddToTxBuffer
                0x0000020e                __vector_11
                0x00000192                uartSetRxHandler
                0x00000298                __vector_13
                0x000001f0                uartFlushReceiveBuffer
                0x000003a8                uartInit
                0x000001fa                uartReceiveBufferIsEmpty
                0x0000019c                uartSetBaudRate
                0x000001d8                uartGetTxBuffer
                0x0000035a                uartGetByte
                0x000001d2                uartGetRxBuffer
 .text          0x000003da      0x160 buffer.o
                0x00000514                bufferIsNotFull
                0x000003f4                bufferGetFromFront
                0x0000049e                bufferGetAtIndex
                0x0000045a                bufferDumpFromFront
                0x000003da                bufferInit
                0x000004c6                bufferAddToEnd
                0x0000052c                bufferFlush
 .text          0x0000053a      0x3de rprintf.o
                0x000007f0                rprintf1RamRom
                0x00000620                rprintfu08
                0x0000064a                rprintfu32
                0x00000568                rprintfStr
                0x00000586                rprintfStrLen
                0x000005e2                rprintfProgStr
                0x00000636                rprintfu16
                0x0000053a                rprintfInit
                0x00000544                rprintfChar
                0x00000602                rprintfCRLF
                0x0000060a                rprintfu04
                0x00000670                rprintfNum
 .text          0x00000918        0x0 c:/winavr-20100110/bin/../lib/gcc/avr/4.3.3/avr5\libgcc.a(_udivmodhi4.o)
 .text          0x00000918        0x0 c:/winavr-20100110/bin/../lib/gcc/avr/4.3.3/avr5\libgcc.a(_udivmodsi4.o)
 .text          0x00000918        0x0 c:/winavr-20100110/bin/../lib/gcc/avr/4.3.3/avr5\libgcc.a(_exit.o)
 .text          0x00000918        0x0 c:/winavr-20100110/bin/../lib/gcc/avr/4.3.3/avr5\libgcc.a(_clear_bss.o)
                0x00000918                . = ALIGN (0x2)
 *(.text.*)
 .text.libgcc   0x00000918       0x28 c:/winavr-20100110/bin/../lib/gcc/avr/4.3.3/avr5\libgcc.a(_udivmodhi4.o)
                0x00000918                __udivmodhi4
 .text.libgcc   0x00000940       0x44 c:/winavr-20100110/bin/../lib/gcc/avr/4.3.3/avr5\libgcc.a(_udivmodsi4.o)
                0x00000940                __udivmodsi4
 .text.libgcc   0x00000984        0x0 c:/winavr-20100110/bin/../lib/gcc/avr/4.3.3/avr5\libgcc.a(_exit.o)
 .text.libgcc   0x00000984        0x0 c:/winavr-20100110/bin/../lib/gcc/avr/4.3.3/avr5\libgcc.a(_clear_bss.o)
                0x00000984                . = ALIGN (0x2)
 *(.fini9)
 .fini9         0x00000984        0x0 c:/winavr-20100110/bin/../lib/gcc/avr/4.3.3/avr5\libgcc.a(_exit.o)
                0x00000984                exit
                0x00000984                _exit
 *(.fini9)
 *(.fini8)
 *(.fini8)
 *(.fini7)
 *(.fini7)
 *(.fini6)
 *(.fini6)
 *(.fini5)
 *(.fini5)
 *(.fini4)
 *(.fini4)
 *(.fini3)
 *(.fini3)
 *(.fini2)
 *(.fini2)
 *(.fini1)
 *(.fini1)
 *(.fini0)
 .fini0         0x00000984        0x4 c:/winavr-20100110/bin/../lib/gcc/avr/4.3.3/avr5\libgcc.a(_exit.o)
 *(.fini0)
                0x00000988                _etext = .

.data           0x00800060        0x0 load address 0x00000988
                0x00800060                PROVIDE (__data_start, .)
 *(.data)
 .data          0x00800060        0x0 c:/winavr-20100110/bin/../lib/gcc/avr/4.3.3/../../../../avr/lib/avr5/crtm16.o
 .data          0x00800060        0x0 main.o
 .data          0x00800060        0x0 a2d.o
 .data          0x00800060        0x0 uart.o
 .data          0x00800060        0x0 buffer.o
 .data          0x00800060        0x0 rprintf.o
 .data          0x00800060        0x0 c:/winavr-20100110/bin/../lib/gcc/avr/4.3.3/avr5\libgcc.a(_udivmodhi4.o)
 .data          0x00800060        0x0 c:/winavr-20100110/bin/../lib/gcc/avr/4.3.3/avr5\libgcc.a(_udivmodsi4.o)
 .data          0x00800060        0x0 c:/winavr-20100110/bin/../lib/gcc/avr/4.3.3/avr5\libgcc.a(_exit.o)
 .data          0x00800060        0x0 c:/winavr-20100110/bin/../lib/gcc/avr/4.3.3/avr5\libgcc.a(_clear_bss.o)
 *(.data*)
 *(.rodata)
 *(.rodata*)
 *(.gnu.linkonce.d*)
                0x00800060                . = ALIGN (0x2)
                0x00800060                _edata = .
                0x00800060                PROVIDE (__data_end, .)

.bss            0x00800060       0x99
                0x00800060                PROVIDE (__bss_start, .)
 *(.bss)
 .bss           0x00800060        0x0 c:/winavr-20100110/bin/../lib/gcc/avr/4.3.3/../../../../avr/lib/avr5/crtm16.o
 .bss           0x00800060        0x0 main.o
 .bss           0x00800060        0x0 a2d.o
 .bss           0x00800060       0x82 uart.o
 .bss           0x008000e2        0x0 buffer.o
 .bss           0x008000e2        0x2 rprintf.o
 .bss           0x008000e4        0x0 c:/winavr-20100110/bin/../lib/gcc/avr/4.3.3/avr5\libgcc.a(_udivmodhi4.o)
 .bss           0x008000e4        0x0 c:/winavr-20100110/bin/../lib/gcc/avr/4.3.3/avr5\libgcc.a(_udivmodsi4.o)
 .bss           0x008000e4        0x0 c:/winavr-20100110/bin/../lib/gcc/avr/4.3.3/avr5\libgcc.a(_exit.o)
 .bss           0x008000e4        0x0 c:/winavr-20100110/bin/../lib/gcc/avr/4.3.3/avr5\libgcc.a(_clear_bss.o)
 *(.bss*)
 *(COMMON)
 COMMON         0x008000e4        0x1 a2d.o
                0x008000e4                a2dCompleteFlag
 COMMON         0x008000e5       0x14 uart.o
                0x008000e5                uartReadyTx
                0x008000e6                uartRxBuffer
                0x008000ee                uartBufferedTx
                0x008000ef                uartTxBuffer
                0x008000f7                uartRxOverflow
                0x008000f9                PROVIDE (__bss_end, .)
                0x00000988                __data_load_start = LOADADDR (.data)
                0x00000988                __data_load_end = (__data_load_start + SIZEOF (.data))

.noinit         0x008000f9        0x0
                0x008000f9                PROVIDE (__noinit_start, .)
 *(.noinit*)
                0x008000f9                PROVIDE (__noinit_end, .)
                0x008000f9                _end = .
                0x008000f9                PROVIDE (__heap_start, .)

.eeprom         0x00810000        0x0
 *(.eeprom*)
                0x00810000                __eeprom_end = .

.fuse
 *(.fuse)
 *(.lfuse)
 *(.hfuse)
 *(.efuse)

.lock
 *(.lock*)

.signature
 *(.signature*)

.stab
 *(.stab)

.stabstr
 *(.stabstr)

.stab.excl
 *(.stab.excl)

.stab.exclstr
 *(.stab.exclstr)

.stab.index
 *(.stab.index)

.stab.indexstr
 *(.stab.indexstr)

.comment
 *(.comment)

.debug
 *(.debug)

.line
 *(.line)

.debug_srcinfo
 *(.debug_srcinfo)

.debug_sfnames
 *(.debug_sfnames)

.debug_aranges  0x00000000       0xa0
 *(.debug_aranges)
 .debug_aranges
                0x00000000       0x20 main.o
 .debug_aranges
                0x00000020       0x20 a2d.o
 .debug_aranges
                0x00000040       0x20 uart.o
 .debug_aranges
                0x00000060       0x20 buffer.o
 .debug_aranges
                0x00000080       0x20 rprintf.o

.debug_pubnames
                0x00000000      0x46b
 *(.debug_pubnames)
 .debug_pubnames
                0x00000000       0x93 main.o
 .debug_pubnames
                0x00000093       0xd4 a2d.o
 .debug_pubnames
                0x00000167      0x194 uart.o
 .debug_pubnames
                0x000002fb       0x9c buffer.o
 .debug_pubnames
                0x00000397       0xd4 rprintf.o

.debug_info     0x00000000      0xfaa
 *(.debug_info)
 .debug_info    0x00000000      0x203 main.o
 .debug_info    0x00000203      0x21b a2d.o
 .debug_info    0x0000041e      0x3ca uart.o
 .debug_info    0x000007e8      0x2cb buffer.o
 .debug_info    0x00000ab3      0x4f7 rprintf.o
 *(.gnu.linkonce.wi.*)

.debug_abbrev   0x00000000      0x69d
 *(.debug_abbrev)
 .debug_abbrev  0x00000000      0x125 main.o
 .debug_abbrev  0x00000125      0x12f a2d.o
 .debug_abbrev  0x00000254      0x1ba uart.o
 .debug_abbrev  0x0000040e       0xec buffer.o
 .debug_abbrev  0x000004fa      0x1a3 rprintf.o

.debug_line     0x00000000      0xbb0
 *(.debug_line)
 .debug_line    0x00000000      0x1c9 main.o
 .debug_line    0x000001c9      0x1ba a2d.o
 .debug_line    0x00000383      0x2ae uart.o
 .debug_line    0x00000631      0x1de buffer.o
 .debug_line    0x0000080f      0x3a1 rprintf.o

.debug_frame    0x00000000      0x3a0
 *(.debug_frame)
 .debug_frame   0x00000000       0xa0 main.o
 .debug_frame   0x000000a0       0xb0 a2d.o
 .debug_frame   0x00000150      0x100 uart.o
 .debug_frame   0x00000250       0x80 buffer.o
 .debug_frame   0x000002d0       0xd0 rprintf.o

.debug_str      0x00000000      0x573
 *(.debug_str)
 .debug_str     0x00000000      0x107 main.o
                                0x147 (size before relaxing)
 .debug_str     0x00000107       0xa5 a2d.o
                                0x157 (size before relaxing)
 .debug_str     0x000001ac      0x1c6 uart.o
                                0x280 (size before relaxing)
 .debug_str     0x00000372       0x9d buffer.o
                                0x193 (size before relaxing)
 .debug_str     0x0000040f      0x164 rprintf.o
                                0x231 (size before relaxing)

.debug_loc      0x00000000      0x989
 *(.debug_loc)
 .debug_loc     0x00000000       0x4c a2d.o
 .debug_loc     0x0000004c       0xe1 uart.o
 .debug_loc     0x0000012d      0x1a2 buffer.o
 .debug_loc     0x000002cf      0x6ba rprintf.o

.debug_macinfo
 *(.debug_macinfo)
OUTPUT(main.elf elf32-avr)
LOAD linker stubs

Cross Reference Table

Symbol                                            File
InitPWM                                           main.o
LED_off                                           main.o
LED_on                                            main.o
SetPWMOutput                                      main.o
__bad_interrupt                                   c:/winavr-20100110/bin/../lib/gcc/avr/4.3.3/../../../../avr/lib/avr5/crtm16.o
__bss_end                                         c:/winavr-20100110/bin/../lib/gcc/avr/4.3.3/avr5\libgcc.a(_clear_bss.o)
__bss_start                                       c:/winavr-20100110/bin/../lib/gcc/avr/4.3.3/avr5\libgcc.a(_clear_bss.o)
__do_clear_bss                                    c:/winavr-20100110/bin/../lib/gcc/avr/4.3.3/avr5\libgcc.a(_clear_bss.o)
                                                  rprintf.o
                                                  uart.o
                                                  a2d.o
__heap_end                                        c:/winavr-20100110/bin/../lib/gcc/avr/4.3.3/../../../../avr/lib/avr5/crtm16.o
__init                                            c:/winavr-20100110/bin/../lib/gcc/avr/4.3.3/../../../../avr/lib/avr5/crtm16.o
__stack                                           c:/winavr-20100110/bin/../lib/gcc/avr/4.3.3/../../../../avr/lib/avr5/crtm16.o
__udivmodhi4                                      c:/winavr-20100110/bin/../lib/gcc/avr/4.3.3/avr5\libgcc.a(_udivmodhi4.o)
                                                  rprintf.o
                                                  buffer.o
__udivmodsi4                                      c:/winavr-20100110/bin/../lib/gcc/avr/4.3.3/avr5\libgcc.a(_udivmodsi4.o)
                                                  rprintf.o
                                                  uart.o
__vector_1                                        c:/winavr-20100110/bin/../lib/gcc/avr/4.3.3/../../../../avr/lib/avr5/crtm16.o
__vector_10                                       c:/winavr-20100110/bin/../lib/gcc/avr/4.3.3/../../../../avr/lib/avr5/crtm16.o
__vector_11                                       uart.o
                                                  c:/winavr-20100110/bin/../lib/gcc/avr/4.3.3/../../../../avr/lib/avr5/crtm16.o
__vector_12                                       c:/winavr-20100110/bin/../lib/gcc/avr/4.3.3/../../../../avr/lib/avr5/crtm16.o
__vector_13                                       uart.o
                                                  c:/winavr-20100110/bin/../lib/gcc/avr/4.3.3/../../../../avr/lib/avr5/crtm16.o
__vector_14                                       a2d.o
                                                  c:/winavr-20100110/bin/../lib/gcc/avr/4.3.3/../../../../avr/lib/avr5/crtm16.o
__vector_15                                       c:/winavr-20100110/bin/../lib/gcc/avr/4.3.3/../../../../avr/lib/avr5/crtm16.o
__vector_16                                       c:/winavr-20100110/bin/../lib/gcc/avr/4.3.3/../../../../avr/lib/avr5/crtm16.o
__vector_17                                       c:/winavr-20100110/bin/../lib/gcc/avr/4.3.3/../../../../avr/lib/avr5/crtm16.o
__vector_18                                       c:/winavr-20100110/bin/../lib/gcc/avr/4.3.3/../../../../avr/lib/avr5/crtm16.o
__vector_19                                       c:/winavr-20100110/bin/../lib/gcc/avr/4.3.3/../../../../avr/lib/avr5/crtm16.o
__vector_2                                        c:/winavr-20100110/bin/../lib/gcc/avr/4.3.3/../../../../avr/lib/avr5/crtm16.o
__vector_20                                       c:/winavr-20100110/bin/../lib/gcc/avr/4.3.3/../../../../avr/lib/avr5/crtm16.o
__vector_3                                        c:/winavr-20100110/bin/../lib/gcc/avr/4.3.3/../../../../avr/lib/avr5/crtm16.o
__vector_4                                        c:/winavr-20100110/bin/../lib/gcc/avr/4.3.3/../../../../avr/lib/avr5/crtm16.o
__vector_5                                        c:/winavr-20100110/bin/../lib/gcc/avr/4.3.3/../../../../avr/lib/avr5/crtm16.o
__vector_6                                        c:/winavr-20100110/bin/../lib/gcc/avr/4.3.3/../../../../avr/lib/avr5/crtm16.o
__vector_7                                        c:/winavr-20100110/bin/../lib/gcc/avr/4.3.3/../../../../avr/lib/avr5/crtm16.o
__vector_8                                        c:/winavr-20100110/bin/../lib/gcc/avr/4.3.3/../../../../avr/lib/avr5/crtm16.o
__vector_9                                        c:/winavr-20100110/bin/../lib/gcc/avr/4.3.3/../../../../avr/lib/avr5/crtm16.o
__vector_default                                  c:/winavr-20100110/bin/../lib/gcc/avr/4.3.3/../../../../avr/lib/avr5/crtm16.o
__vectors                                         c:/winavr-20100110/bin/../lib/gcc/avr/4.3.3/../../../../avr/lib/avr5/crtm16.o
_exit                                             c:/winavr-20100110/bin/../lib/gcc/avr/4.3.3/avr5\libgcc.a(_exit.o)
a2dCompleteFlag                                   a2d.o
a2dConvert10bit                                   a2d.o
a2dConvert8bit                                    a2d.o
                                                  main.o
a2dInit                                           a2d.o
                                                  main.o
a2dIsComplete                                     a2d.o
a2dOff                                            a2d.o
a2dSetChannel                                     a2d.o
a2dSetPrescaler                                   a2d.o
                                                  main.o
a2dSetReference                                   a2d.o
                                                  main.o
a2dStartConvert                                   a2d.o
bufferAddToEnd                                    buffer.o
                                                  uart.o
bufferDumpFromFront                               buffer.o
bufferFlush                                       buffer.o
bufferGetAtIndex                                  buffer.o
bufferGetFromFront                                buffer.o
                                                  uart.o
bufferInit                                        buffer.o
                                                  uart.o
bufferIsNotFull                                   buffer.o
configure_ports                                   main.o
delay_cycles                                      main.o
exit                                              c:/winavr-20100110/bin/../lib/gcc/avr/4.3.3/avr5\libgcc.a(_exit.o)
                                                  c:/winavr-20100110/bin/../lib/gcc/avr/4.3.3/../../../../avr/lib/avr5/crtm16.o
main                                              main.o
                                                  c:/winavr-20100110/bin/../lib/gcc/avr/4.3.3/../../../../avr/lib/avr5/crtm16.o
rprintf1RamRom                                    rprintf.o
rprintfCRLF                                       rprintf.o
rprintfChar                                       rprintf.o
rprintfInit                                       rprintf.o
rprintfNum                                        rprintf.o
rprintfProgStr                                    rprintf.o
rprintfStr                                        rprintf.o
rprintfStrLen                                     rprintf.o
rprintfu04                                        rprintf.o
rprintfu08                                        rprintf.o
rprintfu16                                        rprintf.o
rprintfu32                                        rprintf.o
servo_left                                        main.o
servo_right                                       main.o
uartAddToTxBuffer                                 uart.o
uartBufferedTx                                    uart.o
uartFlushReceiveBuffer                            uart.o
uartGetByte                                       uart.o
uartGetRxBuffer                                   uart.o
uartGetTxBuffer                                   uart.o
uartInit                                          uart.o
uartInitBuffers                                   uart.o
uartReadyTx                                       uart.o
uartReceiveBufferIsEmpty                          uart.o
uartReceiveByte                                   uart.o
uartRxBuffer                                      uart.o
uartRxOverflow                                    uart.o
uartSendByte                                      uart.o
uartSendTxBuffer                                  uart.o
uartSetBaudRate                                   uart.o
uartSetRxHandler                                  uart.o
uartTxBuffer                                      uart.o
